MPLINK 4.49, Linker
Linker Map File - Created Tue Feb 21 18:37:58 2023

                                 Section Info
                  Section       Type    Address   Location Size(Bytes)
                ---------  ---------  ---------  ---------  ---------
                   .org_0       code   0x000000    program   0x000000
                   .org_1       code   0x000000    program   0x000012
                   .org_2       code   0x000020    program   0x000030



                              Program Memory Usage 
                               Start         End      
                           ---------   ---------      
                            0x000000    0x000008      
                            0x000020    0x000037      
            33 out of 8454 program addresses used, program memory utilization is 0%



                              Symbols - Sorted by Name
                     Name    Address   Location    Storage File                     
                ---------  ---------  ---------  --------- ---------                
                       @1   0x000035    program     static F:\Repositorios\Assembly\WRkits\Assembly\Program\Aulas_wrkits.asm
                   Atraso   0x000033    program     static F:\Repositorios\Assembly\WRkits\Assembly\Program\Aulas_wrkits.asm
               PISCA_LEDS   0x000021    program     static F:\Repositorios\Assembly\WRkits\Assembly\Program\Aulas_wrkits.asm
                   inicio   0x000001    program     static F:\Repositorios\Assembly\WRkits\Assembly\Program\Aulas_wrkits.asm
                     temp   0x000020    program     static F:\Repositorios\Assembly\WRkits\Assembly\Program\Aulas_wrkits.asm



                              Symbols - Sorted by Address
                     Name    Address   Location    Storage File                     
                ---------  ---------  ---------  --------- ---------                
                   inicio   0x000001    program     static F:\Repositorios\Assembly\WRkits\Assembly\Program\Aulas_wrkits.asm
                     temp   0x000020    program     static F:\Repositorios\Assembly\WRkits\Assembly\Program\Aulas_wrkits.asm
               PISCA_LEDS   0x000021    program     static F:\Repositorios\Assembly\WRkits\Assembly\Program\Aulas_wrkits.asm
                   Atraso   0x000033    program     static F:\Repositorios\Assembly\WRkits\Assembly\Program\Aulas_wrkits.asm
                       @1   0x000035    program     static F:\Repositorios\Assembly\WRkits\Assembly\Program\Aulas_wrkits.asm


